GAMS 24.7.4  r58773 Released Sep 19, 2016 DEX-DEG x86 64bit/MacOS X                                                                                                                                                                    11/09/16 13:53:29 Page 1
G e n e r a l   A l g e b r a i c   M o d e l i n g   S y s t e m
C o m p i l a t i o n


   1  option seed=0; set nodes /1*500/;
   2  parameter offset(nodes); offset(nodes) = round(uniform(2,5));
   3  alias (i,j,nodes); set arcs(nodes,nodes);
   4  arcs(i,j) = no; arcs(i,i+1) = yes; arcs(i,i+offset(i)) = yes;
   5  set k /1*3/;
   6  parameter demand(nodes,k) /
   7       1.1 -70, 6.1 70, 3.2 -25, 500.2 25, 4.3 -20, 8.3 20, 54.1 -70, 55.1 70
   8       23.2 -25, 89.2 25, 10.3 -20, 89.3 20, 20.3 -10, 450.3 10 /;


COMPILATION TIME     =        0.002 SECONDS      3 MB  24.7.4 r58773 DEX-DEG
GAMS 24.7.4  r58773 Released Sep 19, 2016 DEX-DEG x86 64bit/MacOS X                                                                                                                                                                    11/09/16 13:53:29 Page 2
G e n e r a l   A l g e b r a i c   M o d e l i n g   S y s t e m
E x e c u t i o n


EXECUTION TIME       =        0.001 SECONDS      4 MB  24.7.4 r58773 DEX-DEG


USER: CS 524 Course License                          G160914/0001AS-GEN
      Prof. Ferris, UW-Madison, Fall 2016                        DC2937
      License for teaching and research at degree granting institutions


**** FILE SUMMARY

Input      /Users/quickstep/Documents/git-workspace/CS524/Hw6/hw6-2.gms
Output     /Users/quickstep/Documents/git-workspace/CS524/Hw6/hw6-2.lst
