GAMS 24.7.4  r58773 Released Sep 19, 2016 DEX-DEG x86 64bit/MacOS X                                                                                                                                                                    11/06/16 23:15:35 Page 1
G e n e r a l   A l g e b r a i c   M o d e l i n g   S y s t e m
C o m p i l a t i o n


   1  * Rows/cols labeled from top left corner
   2  set o operations / m multiply, d divide, a add, s subtract/;
   3  set mult(o) / m,d /;
   4  set add(o) / a,s /;
   5  set diff(o) / d,s /;
   6  sets r rows / r1 * r6/
   7       c columns/c1*c6/
   8       v values /v1*v6/
   9       b boxes / b1*b15 /;
  10  parameter value(b) /b1 24, b2 1, b3 3, b4 36, b5 10, b6 7, b7 1, b8 20, b9 20,
  11    b10 3, b11 11, b12 3, b13 3, b14 1, b15 1/;
  12  set boxmap(b,o,r,c) /
  13    b1.m.(r1*r2.c1,r1.c2),
  14    b2.s.r1.c3*c4,
  15    b3.d.r1.c5*c6,
  16    b4.m.(r2.c2*c3,r3.c3),
  17    b5.a.(r4.c3,r2*r4.c4),
  18    b6.a.r2.c5*c6,
  19    b7.s.r3.c1*c2,
  20    b8.m.(r3.c5*c6,r4.c6),
  21    b9.m.r4*r6.c1,
  22    b10.d.r4*r5.c2,
  23    b11.a.r4*r5.c5,
  24    b12.s.r5.c3*c4,
  25    b13.d.r5*r6.c6,
  26    b14.s.r6.c2*c3,
  27    b15.s.r6.c4*c5 /;
  28  set boxops(b,o);
  29  option boxops < boxmap;
  30  display boxops ;
  31   
  32  sets i / 1*6 /; alias (i,j,k);


COMPILATION TIME     =        0.000 SECONDS      3 MB  24.7.4 r58773 DEX-DEG
GAMS 24.7.4  r58773 Released Sep 19, 2016 DEX-DEG x86 64bit/MacOS X                                                                                                                                                                    11/06/16 23:15:35 Page 2
G e n e r a l   A l g e b r a i c   M o d e l i n g   S y s t e m
E x e c u t i o n


----     30 SET boxops  

              m           d           a           s

b1          YES
b2                                              YES
b3                      YES
b4          YES
b5                                  YES
b6                                  YES
b7                                              YES
b8          YES
b9          YES
b10                     YES
b11                                 YES
b12                                             YES
b13                     YES
b14                                             YES
b15                                             YES



EXECUTION TIME       =        0.001 SECONDS      4 MB  24.7.4 r58773 DEX-DEG


USER: CS 524 Course License                          G160914/0001AS-GEN
      Prof. Ferris, UW-Madison, Fall 2016                        DC2937
      License for teaching and research at degree granting institutions


**** FILE SUMMARY

Input      /Users/quickstep/Documents/git-workspace/CS524/HW6/hw6-3.gms
Output     /Users/quickstep/Documents/git-workspace/CS524/HW6/hw6-3.lst
