GAMS 24.7.4  r58773 Released Sep 19, 2016 DEX-DEG x86 64bit/MacOS X                                                                                                                                                                    12/16/16 00:21:52 Page 1
hw8p1
C o m p i l a t i o n


   2  option limrow = 0, limcol = 0;
   3   
   4  scalars
   5          cda_0 /0.0306/,
   6          rho /1.23/,
   7          mu /1.78e-5/,
   8          sw_s /2.05/,
   9          k /1.2/,
  10          e /0.96/,
  11          w_0 /4940/,
  12          n_lift /2.5/,
  13          tau /0.12/,
  14          v_min /22/,
  15          cl_max /2.0/
  16          pi /3.1412/;
  17   
  18  positive variables
  19          s,
  20          a,
  21          v,
  22          C_d,
  23          C_f,
  24          C_l,
  25          R_e,
  26          w,
  27          W_w,
  28          b;
  29   
  30  * Defining slack variables
  31  positive variables ecd, ew, eww, ecu, ecv,ewt,eww,ve,ewu,ewv;
  32   
  33  free variable drag;
  34   
  35  equation
  36          D_eqn
  37          a_eqn
  38          cd_eqn
  39          cf_eqn
  40          re_eqn
  41          weight_eqn
  42          ww_eqn
  43          w_eqn
  44          v_eqn;
  45   
  46  D_eqn..
  47          drag =e= 0.5*rho*v*v*C_d*s+ecd+ecu+ecv+ewt+eww+ewu+ewv+ve;
  48   
  49  a_eqn..
  50          s*a =e= b*b;
  51   
  52  cd_eqn..
  53          a*s*C_d +ecd=g= a*(cda_0) + a*k*c_f* sw_s*s + (C_l*C_l/(pi*e))*s;
  54   
GAMS 24.7.4  r58773 Released Sep 19, 2016 DEX-DEG x86 64bit/MacOS X                                                                                                                                                                    12/16/16 00:21:52 Page 2
hw8p1
C o m p i l a t i o n


  55  cf_eqn..
  56          (R_e**0.2)*C_f +ecu-ecv=e= 0.074;
  57   
  58  re_eqn..
  59          (a**0.5)*R_e =e= (rho*v/mu)* (s**0.5);
  60   
  61  weight_eqn..
  62          w+ewt =g= w_0 + W_w;
  63   
  64  ww_eqn..
  65          s*W_w +eww=g= 45.42*s*s +8.71*(10**(-5))*n_lift*(b**3)*((w_0*w)**0.5)/tau;
  66   
  67  w_eqn..
  68          w+ewu-ewv =e= 0.5*rho*v*v*C_l*s;
  69   
  70  v_eqn..
  71          2*w/(rho*v_min*v_min)-ve =l= s*cl_max;
  72   
  73  model p1 /all/;
  74   
  75   
  76  solve p1 minimizing drag using nlp;
  77   
  78   
  79  display S.L;
  80  display a.l;
  81  display b.l;

**** LIST OF STRAY NAMES - CHECK DECLARATIONS FOR SPURIOUS COMMAS
**** STRAY NAME ew OF TYPE VAR  


COMPILATION TIME     =        0.000 SECONDS      2 MB  24.7.4 r58773 DEX-DEG
GAMS 24.7.4  r58773 Released Sep 19, 2016 DEX-DEG x86 64bit/MacOS X                                                                                                                                                                    12/16/16 00:21:52 Page 3
hw8p1
Model Statistics    SOLVE p1 Using NLP From line 76


MODEL STATISTICS

BLOCKS OF EQUATIONS           9     SINGLE EQUATIONS            9
BLOCKS OF VARIABLES          19     SINGLE VARIABLES           19
NON ZERO ELEMENTS            46     NON LINEAR N-Z             24
DERIVATIVE POOL              20     CONSTANT POOL              27
CODE LENGTH                  78


GENERATION TIME      =        0.002 SECONDS      3 MB  24.7.4 r58773 DEX-DEG


EXECUTION TIME       =        0.002 SECONDS      3 MB  24.7.4 r58773 DEX-DEG
GAMS 24.7.4  r58773 Released Sep 19, 2016 DEX-DEG x86 64bit/MacOS X                                                                                                                                                                    12/16/16 00:21:52 Page 4
hw8p1
Solution Report     SOLVE p1 Using NLP From line 76


               S O L V E      S U M M A R Y

     MODEL   p1                  OBJECTIVE  drag
     TYPE    NLP                 DIRECTION  MINIMIZE
     SOLVER  KNITRO              FROM LINE  76

**** SOLVER STATUS     1 Normal Completion         
**** MODEL STATUS      2 Locally Optimal           
**** OBJECTIVE VALUE             4940.0000

 RESOURCE USAGE, LIMIT          0.011      1000.000
 ITERATION COUNT, LIMIT         0    2000000000
 EVALUATION ERRORS              0             0

KNITRO           24.7.4 r58773 Released Sep 19, 2016 DEG x86 64bit/MacOS X    

Artelys Knitro Optimizer 10.1.2

=======================================
          Commercial License
         Artelys Knitro 10.1.2
=======================================

ERROR: User routine for grad_callback returned -502.
       Could not evaluate first derivatives at the current point.
       No further progress can be made.
WARNING: Evaluation error in Knitro presolver.
         No presolve will be applied.
hessian_no_f:         1
maxtime_real:         1000
par_concurrent_evals: 0
presolve:             0
Knitro changing algorithm from AUTO to 1.
Knitro changing bar_initpt from AUTO to 3.
Knitro changing bar_murule from AUTO to 4.
Knitro changing bar_penaltycons from AUTO to 1.
Knitro changing bar_penaltyrule from AUTO to 2.
Knitro changing bar_switchrule from AUTO to 2.
Knitro changing linsolver from AUTO to 2.
Knitro shifted start point to satisfy bounds (18 variables).

Problem Characteristics
-----------------------
Objective goal:  Minimize
Number of variables:                    18
    bounded below:                      18
    bounded above:                       0
    bounded below and above:             0
    fixed:                               0
    free:                                0
Number of constraints:                   8
    linear equalities:                   0
    nonlinear equalities:                4
GAMS 24.7.4  r58773 Released Sep 19, 2016 DEX-DEG x86 64bit/MacOS X                                                                                                                                                                    12/16/16 00:21:52 Page 5
hw8p1
Solution Report     SOLVE p1 Using NLP From line 76


    linear inequalities:                 2
    nonlinear inequalities:              2
    range:                               0
Number of nonzeros in Jacobian:         34
Number of nonzeros in Hessian:          20

  Iter      Objective      FeasError   OptError    ||Step||    CGits 
--------  --------------  ----------  ----------  ----------  -------
       0    8.510767e+00   6.807e+04
      10    4.940001e+03   1.069e+01   6.800e-03   1.047e+02        0
      20    4.940000e+03   4.778e-01   1.610e-04   3.494e-01        0
      30    4.940000e+03   3.504e-04   4.342e-05   1.176e-03        0
      40    4.940000e+03   5.763e-02   7.227e-03   2.453e-02        0
      47    4.940000e+03   1.136e-04   4.732e-09   1.462e-02        8

EXIT: Locally optimal solution found.

Final Statistics
----------------
Final objective value               =   4.94000000005777e+03
Final feasibility error (abs / rel) =   1.14e-04 / 1.67e-09
Final optimality error  (abs / rel) =   4.73e-09 / 4.73e-09
# of iterations                     =         47 
# of CG iterations                  =         16 
# of function evaluations           =         78
# of gradient evaluations           =         49
# of Hessian evaluations            =         48
Total program time (secs)           =       0.00610 (     0.006 CPU time)
Time spent in evaluations (secs)    =       0.00074

===============================================================================

Solve finished: status = optimal

**** ERRORS/WARNINGS IN EQUATION cf_eqn
     1 warning(s): vcPower: GRAD SINGULAR: x**c, x=0, 0<c<1

**** ERRORS/WARNINGS IN EQUATION re_eqn
     1 error(s): vcPower: FUNC DOMAIN: x**c, x < 0 (RETURNED 0)

                           LOWER          LEVEL          UPPER         MARGINAL

---- EQU D_eqn               .              .              .             1.0000      
---- EQU a_eqn               .       -3.653069E-5          .       -8.587484E-6      
---- EQU cd_eqn              .             1.0632        +INF      4.4627850E-9      
---- EQU cf_eqn             0.0740         0.0739         0.0740   -6.611959E-8      
---- EQU re_eqn              .       -1.179044E-6          .       5.0009987E-7      
---- EQU weight_eqn      4940.0000      4940.0000        +INF            1.0000      
---- EQU ww_eqn              .              .            +INF            0.8426      
---- EQU w_eqn               .              .              .            -0.9990      
---- EQU v_eqn             -INF      -2.777276E-5          .            -0.0002      
GAMS 24.7.4  r58773 Released Sep 19, 2016 DEX-DEG x86 64bit/MacOS X                                                                                                                                                                    12/16/16 00:21:52 Page 6
hw8p1
Solution Report     SOLVE p1 Using NLP From line 76


                           LOWER          LEVEL          UPPER         MARGINAL

---- VAR s                   .       1.3888349E-5        +INF            0.0003      
---- VAR a                   .           105.4942        +INF      3.853626E-11      
---- VAR v                   .       3.4686173E-6        +INF            0.0001      
---- VAR C_d                 .          2932.6202        +INF            EPS         
---- VAR C_f                 .             0.4795        +INF      9.8682603E-9      
---- VAR C_l                 .            28.1042        +INF      1.155187E-12      
---- VAR R_e                 .       8.6851803E-5        +INF      6.1132880E-6      
---- VAR w                   .       2.5415288E-6        +INF            0.0010      
---- VAR W_w                 .              .            +INF            1.0000      
---- VAR b                   .             0.0388        +INF      1.0627488E-7      
---- VAR ecd                 .              .            +INF            1.0000      
---- VAR eww                 .       2.5674556E-8        +INF            0.1574      
---- VAR ecu                 .              .            +INF            1.0000      
---- VAR ecv                 .              .            +INF            1.0000      
---- VAR ewt                 .          4940.0000        +INF      8.161686E-13      
---- VAR ve                  .              .            +INF            0.9998      
---- VAR ewu                 .              .            +INF            1.9990      
---- VAR ewv                 .       2.5438243E-6        +INF            0.0010      
---- VAR drag              -INF         4940.0000        +INF             .          


**** REPORT SUMMARY :        0     NONOPT
                             0 INFEASIBLE
                             0  UNBOUNDED
                             1     ERRORS ( ****)
GAMS 24.7.4  r58773 Released Sep 19, 2016 DEX-DEG x86 64bit/MacOS X                                                                                                                                                                    12/16/16 00:21:52 Page 7
hw8p1
E x e c u t i o n


----     79 VARIABLE s.L                   =  1.388835E-5  

----     80 VARIABLE a.L                   =      105.494  

----     81 VARIABLE b.L                   =        0.039  


EXECUTION TIME       =        0.001 SECONDS      2 MB  24.7.4 r58773 DEX-DEG


USER: CS 524 Course License                          G160914/0001AS-GEN
      Prof. Ferris, UW-Madison, Fall 2016                        DC2937
      License for teaching and research at degree granting institutions


**** FILE SUMMARY

Input      /Users/quickstep/Documents/git-workspace/CS524/HW8/hw8-1.gms
Output     /Users/quickstep/Documents/git-workspace/CS524/HW8/hw8-1.lst
