GAMS 24.7.4  r58773 Released Sep 19, 2016 DEX-DEG x86 64bit/MacOS X                                                                                                                                                                    12/16/16 17:22:59 Page 1
hw8p1
C o m p i l a t i o n


   2  option limrow = 0, limcol = 0;
   3   
   4  scalars
   5          cda_0 /0.0306/,
   6          rho /1.23/,
   7          mu /1.78e-5/,
   8          sw_s /2.05/,
   9          k /1.2/,
  10          e /0.96/,
  11          w_0 /4940/,
  12          n_lift /2.5/,
  13          tau /0.12/,
  14          v_min /22/,
  15          cl_max /2.0/
  16          pi /3.1412/;
  17   
  18  positive variables
  19          s,
  20          a,
  21          v,
  22          C_d,
  23          C_f,
  24          C_l,
  25          R_e,
  26          w,
  27          W_w,
  28          b;
  29   
  30  * Defining slack variables
  31  positive variables ecd, ew, eww, ecu, ecv,ewt,eww,ve,ewu,ewv;
  32   
  33  free variable drag;
  34   
  35  equation
  36          D_eqn
  37          a_eqn
  38          cd_eqn
  39          cf_eqn
  40          re_eqn
  41          weight_eqn
  42          ww_eqn
  43          w_eqn
  44          v_eqn;
  45   
  46  D_eqn..
  47          drag =e= 0.5*rho*v*v*C_d*s+ ecd + ecu + ecv + ewt + eww + ewu + ewv + ve;
  48   
  49  a_eqn..
  50          s*a =e= b*b;
  51   
  52  cd_eqn..
  53          a*s*C_d +ecd=g= a*(cda_0) + a*k*c_f* sw_s*s + (C_l*C_l/(pi*e))*s;
  54   
GAMS 24.7.4  r58773 Released Sep 19, 2016 DEX-DEG x86 64bit/MacOS X                                                                                                                                                                    12/16/16 17:22:59 Page 2
hw8p1
C o m p i l a t i o n


  55  cf_eqn..
  56          (R_e**0.2)*C_f +ecu-ecv=e= 0.074;
  57   
  58  re_eqn..
  59          (a**0.5)*R_e =e= (rho*v/mu)* (s**0.5);
  60   
  61  weight_eqn..
  62          w+ewt =g= w_0 + W_w;
  63   
  64  ww_eqn..
  65          s*W_w +eww=g= 45.42*s*s +8.71*(10**(-5))*n_lift*(b**3)*((w_0*w)**0.5)/tau;
  66   
  67  w_eqn..
  68          w+ewu-ewv =e= 0.5*rho*v*v*C_l*s;
  69   
  70  v_eqn..
  71          2*w/(rho*v_min*v_min)-ve =l= s*cl_max;
  72   
  73  model p1 /all/;
  74   
  75   
  76  solve p1 minimizing drag using nlp;
  77   
  78   
  79  display S.L;
  80  display a.l;
  81  display b.l;

**** LIST OF STRAY NAMES - CHECK DECLARATIONS FOR SPURIOUS COMMAS
**** STRAY NAME ew OF TYPE VAR  


COMPILATION TIME     =        0.000 SECONDS      2 MB  24.7.4 r58773 DEX-DEG
GAMS 24.7.4  r58773 Released Sep 19, 2016 DEX-DEG x86 64bit/MacOS X                                                                                                                                                                    12/16/16 17:22:59 Page 3
hw8p1
Model Statistics    SOLVE p1 Using NLP From line 76


MODEL STATISTICS

BLOCKS OF EQUATIONS           9     SINGLE EQUATIONS            9
BLOCKS OF VARIABLES          19     SINGLE VARIABLES           19
NON ZERO ELEMENTS            46     NON LINEAR N-Z             24
DERIVATIVE POOL              20     CONSTANT POOL              27
CODE LENGTH                  78


GENERATION TIME      =        0.001 SECONDS      3 MB  24.7.4 r58773 DEX-DEG


EXECUTION TIME       =        0.002 SECONDS      3 MB  24.7.4 r58773 DEX-DEG
GAMS 24.7.4  r58773 Released Sep 19, 2016 DEX-DEG x86 64bit/MacOS X                                                                                                                                                                    12/16/16 17:22:59 Page 4
hw8p1
Solution Report     SOLVE p1 Using NLP From line 76


               S O L V E      S U M M A R Y

     MODEL   p1                  OBJECTIVE  drag
     TYPE    NLP                 DIRECTION  MINIMIZE
     SOLVER  CONOPT              FROM LINE  76

**** SOLVER STATUS     1 Normal Completion         
**** MODEL STATUS      2 Locally Optimal           
**** OBJECTIVE VALUE             4940.0740

 RESOURCE USAGE, LIMIT          0.002      1000.000
 ITERATION COUNT, LIMIT         6    2000000000
 EVALUATION ERRORS              0             0
CONOPT 3         24.7.4 r58773 Released Sep 19, 2016 DEG x86 64bit/MacOS X    
 
 
    C O N O P T 3   version 3.17A
    Copyright (C)   ARKI Consulting and Development A/S
                    Bagsvaerdvej 246 A
                    DK-2880 Bagsvaerd, Denmark
 
 
    The model has 19 variables and 9 constraints
    with 46 Jacobian elements, 24 of which are nonlinear.
    The Hessian of the Lagrangian has 7 elements on the diagonal,
    13 elements below the diagonal, and 10 nonlinear variables.
 
 ** Warning **  The number of nonlinear derivatives equal to zero
                in the initial point is large (= 50 percent).
                A better initial point will probably help the
                optimization.
 
 
                   Pre-triangular equations:   0
                   Post-triangular equations:  1
 
 
 ** Optimal solution. There are no superbasic variables.
 
 
 CONOPT time Total                            0.001 seconds
   of which: Function evaluations             0.000 =  0.0%
             1st Derivative evaluations       0.000 =  0.0%
 

                           LOWER          LEVEL          UPPER         MARGINAL

---- EQU D_eqn               .              .              .             1.0000      
---- EQU a_eqn               .              .              .              .          
---- EQU cd_eqn              .              .            +INF            1.0000      
---- EQU cf_eqn             0.0740         0.0740         0.0740         1.0000      
---- EQU re_eqn              .              .              .              .          
---- EQU weight_eqn      4940.0000      4940.0000        +INF            1.0000      
GAMS 24.7.4  r58773 Released Sep 19, 2016 DEX-DEG x86 64bit/MacOS X                                                                                                                                                                    12/16/16 17:22:59 Page 5
hw8p1
Solution Report     SOLVE p1 Using NLP From line 76


---- EQU ww_eqn              .              .            +INF            1.0000      
---- EQU w_eqn               .              .              .            -1.0000      
---- EQU v_eqn             -INF             .              .             EPS         

                           LOWER          LEVEL          UPPER         MARGINAL

---- VAR s                   .              .            +INF             .          
---- VAR a                   .              .            +INF            0.0306      
---- VAR v                   .              .            +INF            EPS         
---- VAR C_d                 .              .            +INF            EPS         
---- VAR C_f                 .              .            +INF            EPS         
---- VAR C_l                 .              .            +INF            EPS         
---- VAR R_e                 .              .            +INF            EPS         
---- VAR w                   .              .            +INF            EPS         
---- VAR W_w                 .              .            +INF            1.0000      
---- VAR b                   .              .            +INF            EPS         
---- VAR ecd                 .              .            +INF             .          
---- VAR eww                 .              .            +INF             .          
---- VAR ecu                 .             0.0740        +INF             .          
---- VAR ecv                 .              .            +INF            2.0000      
---- VAR ewt                 .          4940.0000        +INF             .          
---- VAR ve                  .              .            +INF            1.0000      
---- VAR ewu                 .              .            +INF            2.0000      
---- VAR ewv                 .              .            +INF             .          
---- VAR drag              -INF         4940.0740        +INF             .          


**** REPORT SUMMARY :        0     NONOPT
                             0 INFEASIBLE
                             0  UNBOUNDED
                             0     ERRORS
GAMS 24.7.4  r58773 Released Sep 19, 2016 DEX-DEG x86 64bit/MacOS X                                                                                                                                                                    12/16/16 17:22:59 Page 6
hw8p1
E x e c u t i o n


----     79 VARIABLE s.L                   =        0.000  

----     80 VARIABLE a.L                   =        0.000  

----     81 VARIABLE b.L                   =        0.000  


EXECUTION TIME       =        0.001 SECONDS      2 MB  24.7.4 r58773 DEX-DEG


USER: CS 524 Course License                          G160914/0001AS-GEN
      Prof. Ferris, UW-Madison, Fall 2016                        DC2937
      License for teaching and research at degree granting institutions


**** FILE SUMMARY

Input      /Users/quickstep/Documents/git-workspace/CS524/HW8/hw8-1.gms
Output     /Users/quickstep/Documents/git-workspace/CS524/HW8/hw8-1.lst
